\BOOKMARK [0][-]{chapter*.2}{\376\377\006\105\006\102\006\057\006\105\006\051}{}% \babelsublr  {1}
\BOOKMARK [0][-]{chapter.1}{\376\377\006\106\006\070\006\061\006\051\000\040\006\071\006\047\006\105\006\051}{}% \babelsublr  {2}
\BOOKMARK [1][-]{section.1.1}{\376\377\006\110\006\054\006\107\000\040\006\047\006\104\006\052\006\063\006\105\006\112\006\051}{chapter.1}% \babelsublr  {3}
\BOOKMARK [1][-]{section.1.2}{\376\377\006\052\006\047\006\061\006\112\006\056}{chapter.1}% \babelsublr  {4}
\BOOKMARK [2][-]{subsection.1.2.1}{\376\377\006\047\006\104\006\052\006\112\006\047\006\061\000\040\006\047\006\104\006\103\006\107\006\061\006\050\006\047\006\046\006\112}{section.1.2}% \babelsublr  {5}
\BOOKMARK [2][-]{subsection.1.2.2}{\376\377\006\054\006\057\006\110\006\104\000\040\006\047\006\104\006\052\006\110\006\062\006\112\006\071\000\040\006\047\006\104\006\045\006\104\006\103\006\052\006\061\006\110\006\106\006\112}{section.1.2}% \babelsublr  {6}
